Correct a64l: azAZ9. = 194301926
Correct a64l: azA = 53222
