sleep: Success
usleep: Success
nanosleep: Success
